// Jest Snapshot v1, https://goo.gl/fbAQLP

exports[`should render absolute timeframe 1`] = `
.c0 {
  display: -webkit-inline-box;
  display: -webkit-inline-flex;
  display: -ms-inline-flexbox;
  display: inline-flex;
}

.c1 {
  margin: 0 5px;
  color: rgba(39,86,109,0.6);
}

<div>
  <div
    class="c0"
  >
    <span>
      2020-09-29 00:00
    </span>
    <span
      class="c1"
    >
      absolute_timeframe.separator
    </span>
    <span>
      2020-09-30 00:00
    </span>
  </div>
</div>
`;
